gene	varID
aaa	NM_000494.4:c.4439-157T>G
aaa	-
aaa	NM_000494.4:c.4157-40A>C
aaa	-
aaa	NM_000494.4:c.4157-236C>T
aaa	-
aaa	NM_000494.4:c.4156+244G>A
aaa	-
aaa	NM_000494.4:c.3278-9C>G
aaa	NM_000494.4:c.3278-59T>C
