CHROM,POS,REF,ALT
10,104032447,A,C
10,104032447,A,C
10,104033415,T,G
10,104033415,T,G
10,104033611,G,A
10,104033611,G,A
10,104033701,C,T
10,104033701,C,T
10,104036641,G,C
10,104036691,A,G
